---
source: src/tests/mod.rs
assertion_line: 32
expression: tree_shake(input)
input_file: src/tests/fixtures/throw_catch.js
---
export function f1(a) {
	effect1();
	throw effect2(), a;
}
export function f2(__unused_1A99) {
	effect1();
	try {
		throw effect2();
	} catch {
		effect3();
	} finally {
		effect4();
	}
}
export function f3(__unused_C18D) {
	{
		effect2();
	}
}
export function f4(a) {
	while (a) {
		try {
			effect1();
			break;
		} catch {}
		effect3();
	}
}
