---
source: src/tests/mod.rs
expression: tree_shake(input)
input_file: src/tests/fixtures/conditional_expression.js
---
export function main(a, b) {
	t1 = b;
	t1 = a;
	t2 = e;
	t2 = a;
	t3 = b;
	t3 = e;
	t4 = (e, b);
	e2;
	e3;
	e5, e6;
	e7;
	a && e9;
	a || e10;
}
export function complex_1() {
	function f() {
		effect();
	}
	f();
	function g() {
		effect(2);
	}
	g();
	function h(t) {
		effect(t ? 1 : 2);
	}
	h(0);
	h(1);
}
