---
source: src/tests/mod.rs
expression: tree_shake(input)
input_file: src/tests/fixtures/if_statement.js
---
export function truthy() {
	s1;
	s2;
	{
		{
			e;
		}
	}
	s3;
	s4;
	{
		{
			e;
		}
	}
	s5;
	s6;
	{
		{
			e;
		}
	}
	s7;
	{
		e;
	}
	s8;
	{
		e;
		{
			e;
		}
	}
	s9;
	{
		e;
	}
	s10;
	{
		e;
		{
			e;
		}
	}
	s11;
	{
		e;
	}
	s12;
	{
		e;
		{
			e;
		}
	}
}
export function falsy() {
	s1;
	s2;
	s3;
	{
		{
			e;
		}
	}
	s4;
	{
		{
			f;
		}
	}
	s5;
	s6;
	s7;
	{
		e;
	}
	s8;
	{
		e;
	}
	s9;
	{
		e;
		{
			e;
		}
	}
	s10;
	{
		e;
		{
			f;
		}
	}
	s11;
	{
		e;
	}
	s12;
	{
		e;
	}
}
export function unknown(a) {
	s1;
	s2;
	if (a) {
		e;
	}
	s3;
	if (!a) {
		e;
	}
	s4;
	if (a) {
		e;
	} else {
		f;
	}
	s5;
	s6;
	if (a) {
		e;
	}
	s7;
	{
		e;
	}
	s8;
	if (e) {
		e;
	}
	s9;
	if (!e) {
		e;
	}
	s10;
	if (e) {
		e;
	} else {
		f;
	}
	s11;
	{
		e;
	}
	s12;
	if (e) {
		e;
	}
}
export function with_effect(unknown) {
	function f(e) {
		if (e) return;
		effect();
	}
	f(unknown);
	{
		{
			e1;
		}
	}
}
export function with_effect_2() {
	function f(t) {
		effect();
		if (t) effect();
	}
	f(0);
	f(1);
}
export function with_effect_3() {
	function f() {
		{
			effect();
		}
	}
	f();
}
