---
source: src/tests/mod.rs
expression: tree_shake(input)
input_file: src/tests/fixtures/while_statement.js
---
export function main() {
	while (effect);
	while (sth) {
		effect1;
		break;
	}
	while (sth) {
		effect1;
		continue;
	}
	while (sth) {
		effect1;
		return;
	}
	while (sth1) {
		effect1;
		while (sth2) {
			effect2;
			break;
		}
		effect2;
	}
	while (1) {
		effect1;
		return;
	}
	outer: while (a) {
		effect1;
		while (b) {
			effect2;
			break outer;
		}
		effect3;
	}
	while (sth()) {
		if (a) {
			break;
		} else {
			if (b) {
				break;
			} else {
				continue;
			}
		}
	}
	while (sth()) {
		i: if (a) {
			break i;
		} else {
			if (b) {
				break;
			} else {
				continue;
			}
		}
		effect2;
	}
}
