---
source: src/tests/mod.rs
expression: tree_shake(input)
input_file: src/tests/fixtures/module_declaration.js
---
import { foo } from "source" with { type: "json" };
import "side-effect-only";
import de from "default-export";
export * as t from "export-all";
export function f0() {
	foo(() => 1);
	return de + "1";
}
export function f1(a) {
	effect(a);
	return 1;
}
export const f2 = (a) => {
	effect(a);
	return 1;
};
export const t = 123;
export default "123," + f2;
export { u } from "re-exported-named";
