---
source: src/tests/mod.rs
expression: tree_shake(input)
input_file: src/tests/fixtures/meta_property.js
---
const __unused_B6BA = import.meta.foo;
const __unused_FBD9 = await import.meta.url;
const __unused_512B = await import.meta.foo;
export const e1 = import.meta;
export const e2 = import.meta.url;
export const e3 = import.meta.foo;
export const e4 = await import.meta.url;
export const e5 = await import.meta.foo;
