---
source: src/tests/mod.rs
assertion_line: 32
expression: tree_shake(input)
input_file: src/tests/fixtures/for_statement.js
---
export function main() {
	{
		effect(1);
		effect(2);
	}
	for (let i = 1; test(i); i += 2) {
		effect(5);
	}
	let i;
	for (i = 0; test(i); i++) {
		effect(6);
	}
	print(i);
	for (let i = 0; test(i); i++) {
		effect(7);
		break;
	}
	outer: for (let i = 0; test(i); i++) {
		effect(9);
		for (let j = 0; test(j); j++) {
			effect(10);
			break outer;
		}
		effect(10);
	}
}
