---
source: src/tests/mod.rs
expression: tree_shake(&input)
input_file: src/tests/fixtures/object_expression.js
---
export function main() {
	effect(1, 3);
	let __unused_4CB3 = { unused: effect() };
	let __unused_0648 = { get b() {
		effect();
	} };
	effect(2);
	obj3.b;
	let obj4 = {
		a: 1,
		...{
			a: undefined,
			b: 3
		}
	};
	effect(undefined, obj4.b);
	let obj5 = {
		a: 1,
		...{ get x() {
			effect();
		} }
	};
	effect(obj5.a);
}
