---
source: src/tests/mod.rs
expression: tree_shake(input)
input_file: src/tests/fixtures/switch_statement.js
---
export function main() {
	switch (2) {
		case 1:
		case 2: effect2();
		case 3: effect3();
	}
	switch (2) {
		case 1:
		case 2:
			effect3();
			break;
		case 3:
	}
	switch ("1" + unknown) {
		default: effect1();
		case 1: effect1();
		case "a":
			effect2();
			break;
		case 3:
	}
}
