---
source: src/tests/mod.rs
expression: "tree_shake(r#\"\n      export let a = 1 && 2;\n      export { b };\n      let c = 3;\n      let { [\"b\"]: b, d } = { b: 2, d: effect };\n\n      let t = 0;\n      if (t) {\n        effect3;\n      }\n      else {\n        effect4;\n      }\n\n      if (effect) {\n        effect5;\n      }\n\n      while(0) {\n        effect6;\n      }\n\n      while(effect7) {\n        0;\n      }\n      \"#)"
---
export let a = 2;
export { b };
let { b } = {
	b: 2,
	d: effect
};
effect4;
if (effect) effect5;
while (effect7);
