---
source: src/tests/mod.rs
expression: tree_shake(input)
input_file: src/tests/fixtures/assignment_expression.js
---
export function f1() {
	let a = 1;
	a = 2;
	return a;
}
export function f2(a) {
	a = 2;
	return a;
}
export function f3(a, b) {
	if (b) a = 2;
	return a;
}
export function f4(a, b) {
	a = 3;
	return a;
}
export function f5(a, b) {
	a = b;
	return a;
}
export function f6(a, b) {
	a.p = b;
	global.p = 1;
	effect;
	return a;
}
export function f7(a) {
	({x: {}, a: {}, b: {c: {}},...__unused__} = a);
	let obj = {};
	({a: obj.a, b: obj.b} = {
		a: "a",
		b: a
	});
	effect(obj.a);
}
