---
source: src/tests/mod.rs
expression: tree_shake(input)
input_file: src/tests/fixtures/binding_pattern.js
---
export function simple(unknown) {
	effect(1);
	effect(2);
	effect(3);
	effect(4);
	let { g: { h: __unused_83AC, i: { j: __unused_C4E6 } } } = unknown;
}
export function with_rest(unknown) {
	let { a: __unused_AA1B,...rest } = {
		a: 1,
		b: unknown,
		c: 2
	};
	effect(undefined, rest.b, 2);
	let { b: __unused_4486,...__unused_2075 } = unknown;
	let { d } = {
		d: unknown,
		e: unknown
	};
	effect(d);
}
