---
source: src/tests/mod.rs
expression: tree_shake(input)
input_file: src/tests/fixtures/array_expression.js
---
export function main(unknown) {
	effect(2, "ab");
	const arr2 = [
		4,
		...[6],
		,
		...unknown,
		unknown,
		...[...[1, 4]]
	];
	effect(arr2);
	const __unused_2782 = effect();
	const __unused_F2EA = effect();
	const __unused_ACA8 = [effect(), effect()];
}
