---
source: src/tests/mod.rs
expression: tree_shake(input)
input_file: src/tests/fixtures/class.js
---
class A extends 2 {
	constructor(a, b) {
		super(a);
		b();
	}
	fn() {
		1();
	}
	[2] = 2;
	get [6]() {
		return 6;
	}
	set x(v) {
		this._x = v;
	}
}
new A();
export const a = class {
	[2] = 2;
};
export const b = class extends 2 {
	[2] = 2;
};
export default class {
	a = 1;
}
class __unused_848A {
	static {
		effect(2);
		effect(4);
		effect(7);
		effect(1);
		effect(5);
		{
			effect(6);
		}
	}
}
