---
source: src/tests/mod.rs
expression: tree_shake(input)
input_file: src/tests/fixtures/arrow_function_expression.js
---
export const fn1 = () => {
	return 1;
};
export const fn2 = (a) => {
	return a;
};
export const fn3 = () => {
	return "2a" + b;
};
export const fn4 = () => 4;
const f5 = () => effect;
f5();
t = 1;
